#
# There is insufficient memory for the Java Runtime Environment to continue.
# Native memory allocation (mmap) failed to map 257949696 bytes. Error detail: G1 virtual space
# Possible reasons:
#   The system is out of physical RAM or swap space
#   This process is running with CompressedOops enabled, and the Java Heap may be blocking the growth of the native heap
# Possible solutions:
#   Reduce memory load on the system
#   Increase physical memory or swap space
#   Check if swap backing store is full
#   Decrease Java heap size (-Xmx/-Xms)
#   Decrease number of Java threads
#   Decrease Java thread stack sizes (-Xss)
#   Set larger code cache with -XX:ReservedCodeCacheSize=
#   JVM is running with Zero Based Compressed Oops mode in which the Java heap is
#     placed in the first 32GB address space. The Java Heap base address is the
#     maximum limit for the native heap growth. Please use -XX:HeapBaseMinAddress
#     to set the Java Heap base and to place the Java Heap above 32GB virtual address.
# This output file may be truncated or incomplete.
#
#  Out of Memory Error (os_windows.cpp:3825), pid=11220, tid=9100
#
# JRE version:  (17.0.11+1) (build )
# Java VM: OpenJDK 64-Bit Server VM (17.0.11+1-b1207.24, mixed mode, sharing, tiered, compressed oops, compressed class ptrs, g1 gc, windows-amd64)
# No core dump will be written. Minidumps are not enabled by default on client versions of Windows
#

---------------  S U M M A R Y ------------

Command Line: git4idea.http.GitAskPassApp Username for 'https://github.com': 

Host: AMD Ryzen 7 4700U with Radeon Graphics         , 8 cores, 15G,  Windows 10 , 64 bit Build 19041 (10.0.19041.4842)
Time: Thu Oct 10 14:51:50 2024 W. Europe Daylight Time elapsed time: 0.009128 seconds (0d 0h 0m 0s)

---------------  T H R E A D  ---------------

Current thread (0x00000116e8c534a0):  JavaThread "Unknown thread" [_thread_in_vm, id=9100, stack(0x00000001e8000000,0x00000001e8100000)]

Stack: [0x00000001e8000000,0x00000001e8100000]
Native frames: (J=compiled Java code, j=interpreted, Vv=VM code, C=native code)
V  [jvm.dll+0x6877f9]
V  [jvm.dll+0x8411aa]
V  [jvm.dll+0x842e2e]
V  [jvm.dll+0x843493]
V  [jvm.dll+0x249fdf]
V  [jvm.dll+0x6845c9]
V  [jvm.dll+0x678e7a]
V  [jvm.dll+0x30ab4b]
V  [jvm.dll+0x311ff6]
V  [jvm.dll+0x361a5e]
V  [jvm.dll+0x361c8f]
V  [jvm.dll+0x2e0978]
V  [jvm.dll+0x2e18e4]
V  [jvm.dll+0x811c71]
V  [jvm.dll+0x36f7c8]
V  [jvm.dll+0x7f05f6]
V  [jvm.dll+0x3f398f]
V  [jvm.dll+0x3f5541]
C  [jli.dll+0x528f]
C  [ucrtbase.dll+0x21bb2]
C  [KERNEL32.DLL+0x17374]
C  [ntdll.dll+0x4cc91]


---------------  P R O C E S S  ---------------

Threads class SMR info:
_java_thread_list=0x00007ffeac3aefd8, length=0, elements={
}

Java Threads: ( => current thread )

Other Threads:
  0x00000116e8cbb890 GCTaskThread "GC Thread#0" [stack: 0x00000001e8100000,0x00000001e8200000] [id=16960]
  0x00000116e8ccbcf0 ConcurrentGCThread "G1 Main Marker" [stack: 0x00000001e8200000,0x00000001e8300000] [id=7224]
  0x00000116e8ccc620 ConcurrentGCThread "G1 Conc#0" [stack: 0x00000001e8300000,0x00000001e8400000] [id=2216]

[error occurred during error reporting (printing all threads), id 0xc0000005, EXCEPTION_ACCESS_VIOLATION (0xc0000005) at pc=0x00007ffeabb61547]

VM state: not at safepoint (not fully initialized)

VM Mutex/Monitor currently owned by a thread:  ([mutex/lock_event])
[0x00000116e8c4de60] Heap_lock - owner thread: 0x00000116e8c534a0

Heap address: 0x000000070a000000, size: 3936 MB, Compressed Oops mode: Zero based, Oop shift amount: 3

CDS archive(s) mapped at: [0x0000000000000000-0x0000000000000000-0x0000000000000000), size 0, SharedBaseAddress: 0x0000000800000000, ArchiveRelocationMode: 1.
Narrow klass base: 0x0000000000000000, Narrow klass shift: 0, Narrow klass range: 0x0

GC Precious Log:
<Empty>

Heap:
 garbage-first heap   total 0K, used 0K [0x000000070a000000, 0x0000000800000000)
  region size 2048K, 0 young (0K), 0 survivors (0K)
 Metaspace       used 0K, committed 0K, reserved 0K
  class space    used 0K, committed 0K, reserved 0K

Heap Regions: E=young(eden), S=young(survivor), O=old, HS=humongous(starts), HC=humongous(continues), CS=collection set, F=free, OA=open archive, CA=closed archive, TAMS=top-at-mark-start (previous, next)

Card table byte_map: [0x00000116fbec0000,0x00000116fc670000] _byte_map_base: 0x00000116f8670000

Marking Bits (Prev, Next): (CMBitMap*) 0x00000116e8cbbdc0, (CMBitMap*) 0x00000116e8cbbe00
 Prev Bits: [0x0000011680000000, 0x0000011683d80000)
 Next Bits: [0x0000011683d80000, 0x0000011687b00000)

GC Heap History (0 events):
No events

Dll operation events (1 events):
Event: 0.005 Loaded shared library C:\Users\savel\AppData\Local\Programs\IntelliJ IDEA Ultimate\jbr\bin\java.dll

Deoptimization events (0 events):
No events

Classes unloaded (0 events):
No events

Classes redefined (0 events):
No events

Internal exceptions (0 events):
No events

VM Operations (0 events):
No events

Events (0 events):
No events


Dynamic libraries:
0x00007ff655fe0000 - 0x00007ff655fea000 	C:\Users\savel\AppData\Local\Programs\IntelliJ IDEA Ultimate\jbr\bin\java.exe
0x00007ffef81b0000 - 0x00007ffef83a8000 	C:\Windows\SYSTEM32\ntdll.dll
0x00007ffef7340000 - 0x00007ffef7401000 	C:\Windows\System32\KERNEL32.DLL
0x00007ffef5860000 - 0x00007ffef5b5d000 	C:\Windows\System32\KERNELBASE.dll
0x00007ffef5cc0000 - 0x00007ffef5dc0000 	C:\Windows\System32\ucrtbase.dll
0x00007ffeeadd0000 - 0x00007ffeeade7000 	C:\Users\savel\AppData\Local\Programs\IntelliJ IDEA Ultimate\jbr\bin\jli.dll
0x00007ffee9a90000 - 0x00007ffee9aab000 	C:\Users\savel\AppData\Local\Programs\IntelliJ IDEA Ultimate\jbr\bin\VCRUNTIME140.dll
0x00007ffef74a0000 - 0x00007ffef763d000 	C:\Windows\System32\USER32.dll
0x00007ffef5b60000 - 0x00007ffef5b82000 	C:\Windows\System32\win32u.dll
0x00007ffedba90000 - 0x00007ffedbd2a000 	C:\Windows\WinSxS\amd64_microsoft.windows.common-controls_6595b64144ccf1df_6.0.19041.4355_none_60b8b9eb71f62e16\COMCTL32.dll
0x00007ffef6c60000 - 0x00007ffef6c8b000 	C:\Windows\System32\GDI32.dll
0x00007ffef77f0000 - 0x00007ffef788e000 	C:\Windows\System32\msvcrt.dll
0x00007ffef5dc0000 - 0x00007ffef5ed7000 	C:\Windows\System32\gdi32full.dll
0x00007ffef5ee0000 - 0x00007ffef5f7d000 	C:\Windows\System32\msvcp_win.dll
0x00007ffef6ed0000 - 0x00007ffef6eff000 	C:\Windows\System32\IMM32.DLL
0x00007ffef0d60000 - 0x00007ffef0d6c000 	C:\Users\savel\AppData\Local\Programs\IntelliJ IDEA Ultimate\jbr\bin\vcruntime140_1.dll
0x00007ffed22f0000 - 0x00007ffed237d000 	C:\Users\savel\AppData\Local\Programs\IntelliJ IDEA Ultimate\jbr\bin\msvcp140.dll
0x00007ffeab870000 - 0x00007ffeac4f3000 	C:\Users\savel\AppData\Local\Programs\IntelliJ IDEA Ultimate\jbr\bin\server\jvm.dll
0x00007ffef6c90000 - 0x00007ffef6d40000 	C:\Windows\System32\ADVAPI32.dll
0x00007ffef76a0000 - 0x00007ffef7740000 	C:\Windows\System32\sechost.dll
0x00007ffef6da0000 - 0x00007ffef6ec3000 	C:\Windows\System32\RPCRT4.dll
0x00007ffef5be0000 - 0x00007ffef5c07000 	C:\Windows\System32\bcrypt.dll
0x00007ffedfde0000 - 0x00007ffedfde9000 	C:\Windows\SYSTEM32\WSOCK32.dll
0x00007ffef72d0000 - 0x00007ffef733b000 	C:\Windows\System32\WS2_32.dll
0x00007ffef3510000 - 0x00007ffef3537000 	C:\Windows\SYSTEM32\WINMM.dll
0x00007ffeead70000 - 0x00007ffeead7a000 	C:\Windows\SYSTEM32\VERSION.dll
0x00007ffef56c0000 - 0x00007ffef570b000 	C:\Windows\SYSTEM32\POWRPROF.dll
0x00007ffef56a0000 - 0x00007ffef56b2000 	C:\Windows\SYSTEM32\UMPDC.dll
0x00007ffef4040000 - 0x00007ffef4052000 	C:\Windows\SYSTEM32\kernel.appcore.dll
0x00007ffef3840000 - 0x00007ffef384a000 	C:\Users\savel\AppData\Local\Programs\IntelliJ IDEA Ultimate\jbr\bin\jimage.dll
0x00007ffef32e0000 - 0x00007ffef34c4000 	C:\Windows\SYSTEM32\DBGHELP.DLL
0x00007ffef34d0000 - 0x00007ffef3504000 	C:\Windows\SYSTEM32\dbgcore.DLL
0x00007ffef6150000 - 0x00007ffef61d2000 	C:\Windows\System32\bcryptPrimitives.dll
0x00007ffef3680000 - 0x00007ffef36a5000 	C:\Users\savel\AppData\Local\Programs\IntelliJ IDEA Ultimate\jbr\bin\java.dll

dbghelp: loaded successfully - version: 4.0.5 - missing functions: none
symbol engine: initialized successfully - sym options: 0x614 - pdb path: .;C:\Users\savel\AppData\Local\Programs\IntelliJ IDEA Ultimate\jbr\bin;C:\Windows\SYSTEM32;C:\Windows\WinSxS\amd64_microsoft.windows.common-controls_6595b64144ccf1df_6.0.19041.4355_none_60b8b9eb71f62e16;C:\Users\savel\AppData\Local\Programs\IntelliJ IDEA Ultimate\jbr\bin\server

VM Arguments:
java_command: git4idea.http.GitAskPassApp Username for 'https://github.com': 
java_class_path (initial): C:/Users/savel/AppData/Local/Programs/IntelliJ IDEA Ultimate/plugins/vcs-git/lib/git4idea-rt.jar;C:/Users/savel/AppData/Local/Programs/IntelliJ IDEA Ultimate/lib/externalProcess-rt.jar
Launcher Type: SUN_STANDARD

[Global flags]
     intx CICompilerCount                          = 4                                         {product} {ergonomic}
     uint ConcGCThreads                            = 2                                         {product} {ergonomic}
     uint G1ConcRefinementThreads                  = 8                                         {product} {ergonomic}
   size_t G1HeapRegionSize                         = 2097152                                   {product} {ergonomic}
    uintx GCDrainStackTargetSize                   = 64                                        {product} {ergonomic}
   size_t InitialHeapSize                          = 257949696                                 {product} {ergonomic}
   size_t MarkStackSize                            = 4194304                                   {product} {ergonomic}
   size_t MaxHeapSize                              = 4127195136                                {product} {ergonomic}
   size_t MinHeapDeltaBytes                        = 2097152                                   {product} {ergonomic}
   size_t MinHeapSize                              = 8388608                                   {product} {ergonomic}
    uintx NonNMethodCodeHeapSize                   = 5839372                                {pd product} {ergonomic}
    uintx NonProfiledCodeHeapSize                  = 122909434                              {pd product} {ergonomic}
    uintx ProfiledCodeHeapSize                     = 122909434                              {pd product} {ergonomic}
    uintx ReservedCodeCacheSize                    = 251658240                              {pd product} {ergonomic}
     bool SegmentedCodeCache                       = true                                      {product} {ergonomic}
   size_t SoftMaxHeapSize                          = 4127195136                             {manageable} {ergonomic}
     bool UseCompressedClassPointers               = true                           {product lp64_product} {ergonomic}
     bool UseCompressedOops                        = true                           {product lp64_product} {ergonomic}
     bool UseG1GC                                  = true                                      {product} {ergonomic}
     bool UseLargePagesIndividualAllocation        = false                                  {pd product} {ergonomic}

Logging:
Log output configuration:
 #0: stdout all=warning uptime,level,tags
 #1: stderr all=off uptime,level,tags

Environment Variables:
PATH=C:\Program Files\Git\mingw64\libexec\git-core;C:\Program Files\Git\mingw64\libexec\git-core;C:\Program Files\Git\mingw64\bin;C:\Program Files\Git\usr\bin;C:\Users\savel\bin;C:\Program Files\Common Files\Oracle\Java\javapath;C:\Program Files (x86)\Common Files\Oracle\Java\javapath;C:\ProgramData\Oracle\Java\javapath;C:\Program Files (x86)\NVIDIA Corporation\PhysX\Common;C:\Windows\system32;C:\Windows;C:\Windows\System32\Wbem;C:\Windows\System32\WindowsPowerShell\v1.0;C:\Windows\System32\OpenSSH;C:\Program Files (x86)\ZeroTier\One;C:\Program Files\dotnet;C:\Program Files\Docker\Docker\resources\bin;C:\Program Files\nodejs;C:\Program Files\Git\cmd;C:\Users\savel\AppData\Local\Microsoft\WindowsApps;C:\Users\savel\AppData\Local\Programs\Microsoft VS Code\bin;C:\Users\savel\AppData\Local\GitHubDesktop\bin;C:\Users\savel\AppData\Local\gitkraken\bin;C:\Users\savel\AppData\Roaming\npm;C:\Users\savel\AppData\Local\JetBrains\Toolbox\scripts
USERNAME=savel
DISPLAY=:0.0
LC_ALL=en_US.UTF-8
TERM=xterm-256color
TMPDIR=C:\Users\savel\AppData\Local\Temp
OS=Windows_NT
PROCESSOR_IDENTIFIER=AMD64 Family 23 Model 96 Stepping 1, AuthenticAMD
TMP=C:\Users\savel\AppData\Local\Temp
TEMP=C:\Users\savel\AppData\Local\Temp



Periodic native trim disabled

JNI global refs:
JNI global refs: 0, weak refs: 0

JNI global refs memory usage: 0, weak refs: 0

Process memory usage:
Resident Set Size: 10948K (0% of 16119096K total physical memory with 2510572K free physical memory)

OOME stack traces (most recent first):
Classloader memory used:


---------------  S Y S T E M  ---------------

OS:
 Windows 10 , 64 bit Build 19041 (10.0.19041.4842)
OS uptime: 5 days 2:21 hours
Hyper-V role detected

CPU: total 8 (initial active 8) (8 cores per cpu, 1 threads per core) family 23 model 96 stepping 1 microcode 0x0, cx8, cmov, fxsr, mmx, 3dnowpref, sse, sse2, sse3, ssse3, sse4a, sse4.1, sse4.2, popcnt, lzcnt, tsc, tscinvbit, avx, avx2, aes, clmul, bmi1, bmi2, adx, sha, fma, vzeroupper, clflush, clflushopt, hv
Processor Information for all 8 processors :
  Max Mhz: 2000, Current Mhz: 2000, Mhz Limit: 2000

Memory: 4k page, system-wide physical 15741M (2451M free)
TotalPageFile size 15741M (AvailPageFile size 125M)
current process WorkingSet (physical memory assigned to process): 10M, peak: 10M
current process commit charge ("private bytes"): 60M, peak: 306M

vm_info: OpenJDK 64-Bit Server VM (17.0.11+1-b1207.24) for windows-amd64 JRE (17.0.11+1-b1207.24), built on 2024-05-15 by "builduser" with MS VC++ 16.10 / 16.11 (VS2019)

END.
